campaign Y start Mon 28 Sep 2026 11:39:06 CEST sides=base c3 e3
round 1 order base c3 e3 Mon 28 Sep 2026 11:39:06 CEST 11:39  up 2 days, 23:27, 15 users, load averages: 15.67 9.85 7.17
round Yr1k1 done
round Yr1k1 done
round Yr1k1 done
round Yr1k2 done
round Yr1k2 done
round Yr1k2 done
round Yr1k3 done
round Yr1k3 done
round Yr1k3 done
round Yr1k4 done
round Yr1k4 done
round Yr1k4 done
round Yr1k5 done
round Yr1k5 done
round Yr1k5 done
round 2 order c3 e3 base Mon 28 Sep 2026 11:39:11 CEST 11:39  up 2 days, 23:27, 15 users, load averages: 14.74 9.75 7.15
round Yr2k1 done
round Yr2k1 done
round Yr2k1 done
round Yr2k2 done
round Yr2k2 done
round Yr2k2 done
round Yr2k3 done
round Yr2k3 done
round Yr2k3 done
round Yr2k4 done
round Yr2k4 done
round Yr2k4 done
round Yr2k5 done
round Yr2k5 done
round Yr2k5 done
round 3 order e3 base c3 Mon 28 Sep 2026 11:39:16 CEST 11:39  up 2 days, 23:27, 15 users, load averages: 14.12 9.71 7.15
round Yr3k1 done
round Yr3k1 done
round Yr3k1 done
round Yr3k2 done
round Yr3k2 done
round Yr3k2 done
round Yr3k3 done
round Yr3k3 done
round Yr3k3 done
round Yr3k4 done
round Yr3k4 done
round Yr3k4 done
round Yr3k5 done
round Yr3k5 done
round Yr3k5 done
campaign Y end Mon 28 Sep 2026 11:39:22 CEST 11:39  up 2 days, 23:27, 15 users, load averages: 13.23 9.60 7.13
