campaign D start Mon 28 Sep 2026 13:23:17 CEST sides=base2 c3b final
round 1 order base2 c3b final Mon 28 Sep 2026 13:23:17 CEST 13:23  up 3 days,  1:11, 15 users, load averages: 14.53 8.41 6.58
round Dr1 done
round Dr1k1 done
round Dr1k1 done
round Dr1k1 done
round Dr1k2 done
round Dr1k2 done
round Dr1k2 done
round Dr1k3 done
round Dr1k3 done
round Dr1k3 done
round Dr1k4 done
round Dr1k4 done
round Dr1k4 done
round Dr1k5 done
round Dr1k5 done
round Dr1k5 done
round 2 order c3b final base2 Mon 28 Sep 2026 13:35:55 CEST 13:35  up 3 days,  1:24, 15 users, load averages: 7.43 5.34 5.48
round Dr2 done
round Dr2k1 done
round Dr2k1 done
round Dr2k1 done
round Dr2k2 done
round Dr2k2 done
round Dr2k2 done
round Dr2k3 done
round Dr2k3 done
round Dr2k3 done
round Dr2k4 done
round Dr2k4 done
round Dr2k4 done
round Dr2k5 done
round Dr2k5 done
round Dr2k5 done
round 3 order final base2 c3b Mon 28 Sep 2026 13:48:43 CEST 13:48  up 3 days,  1:37, 15 users, load averages: 6.35 5.17 5.17
round Dr3 done
round Dr3k1 done
round Dr3k1 done
round Dr3k1 done
round Dr3k2 done
round Dr3k2 done
round Dr3k2 done
round Dr3k3 done
round Dr3k3 done
round Dr3k3 done
round Dr3k4 done
round Dr3k4 done
round Dr3k4 done
round Dr3k5 done
round Dr3k5 done
round Dr3k5 done
round 4 order base2 c3b final Mon 28 Sep 2026 14:01:24 CEST 14:01  up 3 days,  1:49, 15 users, load averages: 4.51 3.83 4.12
round Dr4 done
round Dr4k1 done
round Dr4k1 done
round Dr4k1 done
round Dr4k2 done
round Dr4k2 done
round Dr4k2 done
round Dr4k3 done
round Dr4k3 done
round Dr4k3 done
round Dr4k4 done
round Dr4k4 done
round Dr4k4 done
round Dr4k5 done
round Dr4k5 done
round Dr4k5 done
campaign D end Mon 28 Sep 2026 14:14:08 CEST 14:14  up 3 days,  2:02, 15 users, load averages: 4.84 3.58 3.58
