campaign A start Mon 28 Sep 2026 10:54:41 CEST sides=base head c2 c3
round 1 order base head c2 c3 Mon 28 Sep 2026 10:54:41 CEST 10:54  up 2 days, 22:43, 15 users, load averages: 7.67 7.23 6.38
round Ar1 done
round Ar1 done
round Ar1k1 done
round Ar1k1 done
round Ar1k1 done
round Ar1k1 done
round Ar1k2 done
round Ar1k2 done
round Ar1k2 done
round Ar1k2 done
round Ar1k3 done
round Ar1k3 done
round Ar1k3 done
round Ar1k3 done
round Ar1k4 done
round Ar1k4 done
round Ar1k4 done
round Ar1k4 done
round Ar1k5 done
round Ar1k5 done
round Ar1k5 done
round Ar1k5 done
round 2 order head c2 c3 base Mon 28 Sep 2026 11:08:22 CEST 11:08  up 2 days, 22:56, 15 users, load averages: 3.95 4.40 5.29
round Ar2 done
round Ar2 done
round Ar2k1 done
round Ar2k1 done
round Ar2k1 done
round Ar2k1 done
round Ar2k2 done
round Ar2k2 done
round Ar2k2 done
round Ar2k2 done
round Ar2k3 done
round Ar2k3 done
round Ar2k3 done
round Ar2k3 done
round Ar2k4 done
round Ar2k4 done
round Ar2k4 done
round Ar2k4 done
round Ar2k5 done
round Ar2k5 done
round Ar2k5 done
round Ar2k5 done
round 3 order c2 c3 base head Mon 28 Sep 2026 11:22:12 CEST 11:22  up 2 days, 23:10, 15 users, load averages: 6.62 6.10 5.68
round Ar3 done
round Ar3 done
round Ar3k1 done
round Ar3k1 done
round Ar3k1 done
round Ar3k1 done
round Ar3k2 done
round Ar3k2 done
round Ar3k2 done
round Ar3k2 done
round Ar3k3 done
round Ar3k3 done
round Ar3k3 done
round Ar3k3 done
round Ar3k4 done
round Ar3k4 done
round Ar3k4 done
round Ar3k4 done
round Ar3k5 done
round Ar3k5 done
round Ar3k5 done
round Ar3k5 done
campaign A end Mon 28 Sep 2026 11:36:00 CEST 11:36  up 2 days, 23:24, 15 users, load averages: 5.34 5.36 5.36
