campaign X start Mon 28 Sep 2026 11:37:54 CEST sides=base c3 e1 e2
round 1 order base c3 e1 e2 Mon 28 Sep 2026 11:37:54 CEST 11:37  up 2 days, 23:26, 15 users, load averages: 17.30 8.57 6.53
round Xr1k1 done
round Xr1k1 done
round Xr1k1 done
round Xr1k1 done
round Xr1k2 done
round Xr1k2 done
round Xr1k2 done
round Xr1k2 done
round Xr1k3 done
round Xr1k3 done
round Xr1k3 done
round Xr1k3 done
round Xr1k4 done
round Xr1k4 done
round Xr1k4 done
round Xr1k4 done
round Xr1k5 done
round Xr1k5 done
round Xr1k5 done
round Xr1k5 done
round 2 order c3 e1 e2 base Mon 28 Sep 2026 11:38:02 CEST 11:38  up 2 days, 23:26, 15 users, load averages: 18.40 8.94 6.68
round Xr2k1 done
round Xr2k1 done
round Xr2k1 done
round Xr2k1 done
round Xr2k2 done
round Xr2k2 done
round Xr2k2 done
round Xr2k2 done
round Xr2k3 done
round Xr2k3 done
round Xr2k3 done
round Xr2k3 done
round Xr2k4 done
round Xr2k4 done
round Xr2k4 done
round Xr2k4 done
round Xr2k5 done
round Xr2k5 done
round Xr2k5 done
round Xr2k5 done
round 3 order e1 e2 base c3 Mon 28 Sep 2026 11:38:09 CEST 11:38  up 2 days, 23:26, 15 users, load averages: 17.24 8.86 6.66
round Xr3k1 done
round Xr3k1 done
round Xr3k1 done
round Xr3k1 done
round Xr3k2 done
round Xr3k2 done
round Xr3k2 done
round Xr3k2 done
round Xr3k3 done
round Xr3k3 done
round Xr3k3 done
round Xr3k3 done
round Xr3k4 done
round Xr3k4 done
round Xr3k4 done
round Xr3k4 done
round Xr3k5 done
round Xr3k5 done
round Xr3k5 done
round Xr3k5 done
campaign X end Mon 28 Sep 2026 11:38:16 CEST 11:38  up 2 days, 23:26, 15 users, load averages: 16.46 8.96 6.72
