campaign B start Mon 28 Sep 2026 11:39:37 CEST sides=base head c2 c3 e3
round 1 order base head c2 c3 e3 Mon 28 Sep 2026 11:39:37 CEST 11:39  up 2 days, 23:28, 15 users, load averages: 11.68 9.42 7.11
round Br1 done
round Br1 done
round Br1k1 done
round Br1k1 done
round Br1k1 done
round Br1k1 done
round Br1k1 done
round Br1k2 done
round Br1k2 done
round Br1k2 done
round Br1k2 done
round Br1k2 done
round Br1k3 done
round Br1k3 done
round Br1k3 done
round Br1k3 done
round Br1k3 done
round Br1k4 done
round Br1k4 done
round Br1k4 done
round Br1k4 done
round Br1k4 done
round Br1k5 done
round Br1k5 done
round Br1k5 done
round Br1k5 done
round Br1k5 done
round 2 order head c2 c3 e3 base Mon 28 Sep 2026 11:56:41 CEST 11:56  up 2 days, 23:45, 15 users, load averages: 5.22 5.57 6.11
round Br2 done
round Br2 done
round Br2k1 done
round Br2k1 done
round Br2k1 done
round Br2k1 done
round Br2k1 done
round Br2k2 done
round Br2k2 done
round Br2k2 done
round Br2k2 done
round Br2k2 done
round Br2k3 done
round Br2k3 done
round Br2k3 done
round Br2k3 done
round Br2k3 done
round Br2k4 done
round Br2k4 done
round Br2k4 done
round Br2k4 done
round Br2k4 done
round Br2k5 done
round Br2k5 done
round Br2k5 done
round Br2k5 done
round Br2k5 done
round 3 order c2 c3 e3 base head Mon 28 Sep 2026 12:13:44 CEST 12:13  up 3 days, 2 mins, 15 users, load averages: 5.06 5.33 5.56
round Br3 done
round Br3 done
round Br3k1 done
round Br3k1 done
round Br3k1 done
round Br3k1 done
round Br3k1 done
round Br3k2 done
round Br3k2 done
round Br3k2 done
round Br3k2 done
round Br3k2 done
round Br3k3 done
round Br3k3 done
round Br3k3 done
round Br3k3 done
round Br3k3 done
round Br3k4 done
round Br3k4 done
round Br3k4 done
round Br3k4 done
round Br3k4 done
round Br3k5 done
round Br3k5 done
round Br3k5 done
round Br3k5 done
round Br3k5 done
campaign B end Mon 28 Sep 2026 12:30:40 CEST 12:30  up 3 days, 19 mins, 15 users, load averages: 4.12 4.64 5.00
