campaign E start Mon 28 Sep 2026 14:14:25 CEST sides=base2 c3b final
round 1 order base2 c3b final Mon 28 Sep 2026 14:14:25 CEST 14:14  up 3 days,  2:03, 15 users, load averages: 4.18 3.51 3.55
round Er1 done
round Er1k1 done
round Er1k1 done
round Er1k1 done
round Er1k2 done
round Er1k2 done
round Er1k2 done
round Er1k3 done
round Er1k3 done
round Er1k3 done
round Er1k4 done
round Er1k4 done
round Er1k4 done
round Er1k5 done
round Er1k5 done
round Er1k5 done
round Er1k6 done
round Er1k6 done
round Er1k6 done
round Er1k7 done
round Er1k7 done
round Er1k7 done
round Er1k8 done
round Er1k8 done
round Er1k8 done
round 2 order c3b final base2 Mon 28 Sep 2026 14:18:42 CEST 14:18  up 3 days,  2:07, 15 users, load averages: 4.92 4.01 3.73
round Er2 done
round Er2k1 done
round Er2k1 done
round Er2k1 done
round Er2k2 done
round Er2k2 done
round Er2k2 done
round Er2k3 done
round Er2k3 done
round Er2k3 done
round Er2k4 done
round Er2k4 done
round Er2k4 done
round Er2k5 done
round Er2k5 done
round Er2k5 done
round Er2k6 done
round Er2k6 done
round Er2k6 done
round Er2k7 done
round Er2k7 done
round Er2k7 done
round Er2k8 done
round Er2k8 done
round Er2k8 done
round 3 order final base2 c3b Mon 28 Sep 2026 14:23:00 CEST 14:23  up 3 days,  2:11, 15 users, load averages: 5.16 4.45 3.95
round Er3 done
round Er3k1 done
round Er3k1 done
round Er3k1 done
round Er3k2 done
round Er3k2 done
round Er3k2 done
round Er3k3 done
round Er3k3 done
round Er3k3 done
round Er3k4 done
round Er3k4 done
round Er3k4 done
round Er3k5 done
round Er3k5 done
round Er3k5 done
round Er3k6 done
round Er3k6 done
round Er3k6 done
round Er3k7 done
round Er3k7 done
round Er3k7 done
round Er3k8 done
round Er3k8 done
round Er3k8 done
round 4 order base2 c3b final Mon 28 Sep 2026 14:27:19 CEST 14:27  up 3 days,  2:15, 15 users, load averages: 7.97 5.29 4.36
round Er4 done
round Er4k1 done
round Er4k1 done
round Er4k1 done
round Er4k2 done
round Er4k2 done
round Er4k2 done
round Er4k3 done
round Er4k3 done
round Er4k3 done
round Er4k4 done
round Er4k4 done
round Er4k4 done
round Er4k5 done
round Er4k5 done
round Er4k5 done
round Er4k6 done
round Er4k6 done
round Er4k6 done
round Er4k7 done
round Er4k7 done
round Er4k7 done
round Er4k8 done
round Er4k8 done
round Er4k8 done
campaign E end Mon 28 Sep 2026 14:31:36 CEST 14:31  up 3 days,  2:20, 15 users, load averages: 5.72 5.22 4.53
